// Jest Snapshot v1, https://goo.gl/fbAQLP

exports[`Narrative should render correctly 1`] = `
<div
  className="narrative"
>
  <style
    scoped={true}
  >
    strong { font-weight: 500; }
  </style>
  <div
    className="narrative-content"
    dangerouslySetInnerHTML={
      Object {
        "__html": "<a href=\\"http://somedomain.com/some/thing\\">Link</a>",
      }
    }
  />
</div>
`;
